{
  "version": "1.5.0",
  "plugins_used": [
    {
      "name": "ArtifactoryDetector"
    },
    {
      "name": "AWSKeyDetector"
    },
    {
      "name": "AzureStorageKeyDetector"
    },
    {
      "name": "Base64HighEntropyString",
      "limit": 4.5
    },
    {
      "name": "BasicAuthDetector"
    },
    {
      "name": "CloudantDetector"
    },
    {
      "name": "DiscordBotTokenDetector"
    },
    {
      "name": "GitHubTokenDetector"
    },
    {
      "name": "GitLabTokenDetector"
    },
    {
      "name": "HexHighEntropyString",
      "limit": 3.0
    },
    {
      "name": "IbmCloudIamDetector"
    },
    {
      "name": "IbmCosHmacDetector"
    },
    {
      "name": "IPPublicDetector"
    },
    {
      "name": "JwtTokenDetector"
    },
    {
      "name": "KeywordDetector",
      "keyword_exclude": ""
    },
    {
      "name": "MailchimpDetector"
    },
    {
      "name": "NpmDetector"
    },
    {
      "name": "OpenAIDetector"
    },
    {
      "name": "PrivateKeyDetector"
    },
    {
      "name": "PypiTokenDetector"
    },
    {
      "name": "SendGridDetector"
    },
    {
      "name": "SlackDetector"
    },
    {
      "name": "SoftlayerDetector"
    },
    {
      "name": "SquareOAuthDetector"
    },
    {
      "name": "StripeDetector"
    },
    {
      "name": "TelegramBotTokenDetector"
    },
    {
      "name": "TwilioKeyDetector"
    }
  ],
  "filters_used": [
    {
      "path": "detect_secrets.filters.allowlist.is_line_allowlisted"
    },
    {
      "path": "detect_secrets.filters.common.is_baseline_file",
      "filename": ".secrets.baseline"
    },
    {
      "path": "detect_secrets.filters.common.is_ignored_due_to_verification_policies",
      "min_level": 2
    },
    {
      "path": "detect_secrets.filters.heuristic.is_indirect_reference"
    },
    {
      "path": "detect_secrets.filters.heuristic.is_likely_id_string"
    },
    {
      "path": "detect_secrets.filters.heuristic.is_lock_file"
    },
    {
      "path": "detect_secrets.filters.heuristic.is_not_alphanumeric_string"
    },
    {
      "path": "detect_secrets.filters.heuristic.is_potential_uuid"
    },
    {
      "path": "detect_secrets.filters.heuristic.is_prefixed_with_dollar_sign"
    },
    {
      "path": "detect_secrets.filters.heuristic.is_sequential_string"
    },
    {
      "path": "detect_secrets.filters.heuristic.is_swagger_file"
    },
    {
      "path": "detect_secrets.filters.heuristic.is_templated_secret"
    },
    {
      "path": "detect_secrets.filters.regex.should_exclude_file",
      "pattern": [
        "(^|/)(\\.git|\\.venv|\\.pytest_cache|\\.ruff_cache|static/vendor|requirements(?:-dev)?\\.lock)(/|$)"
      ]
    }
  ],
  "results": {
    ".env.example": [
      {
        "type": "Basic Auth Credentials",
        "filename": ".env.example",
        "hashed_secret": "b08d68eae61e95d5d7797dff1c241c8170898a93",
        "is_verified": false,
        "line_number": 29,
        "is_secret": false
      }
    ],
    ".github/workflows/ci.yml": [
      {
        "type": "Secret Keyword",
        "filename": ".github/workflows/ci.yml",
        "hashed_secret": "dd606cd49bbbd06b4c2606fc2449f8fb87975786",
        "is_verified": false,
        "line_number": 79,
        "is_secret": false
      }
    ],
    ".github/workflows/security.yml": [
      {
        "type": "Secret Keyword",
        "filename": ".github/workflows/security.yml",
        "hashed_secret": "88556b9dfc411a2d587063d98cd20299e304e47f",
        "is_verified": false,
        "line_number": 48,
        "is_secret": false
      }
    ],
    "README.md": [
      {
        "type": "Basic Auth Credentials",
        "filename": "README.md",
        "hashed_secret": "b08d68eae61e95d5d7797dff1c241c8170898a93",
        "is_verified": false,
        "line_number": 90,
        "is_secret": false
      }
    ],
    "alembic.ini": [
      {
        "type": "Basic Auth Credentials",
        "filename": "alembic.ini",
        "hashed_secret": "b08d68eae61e95d5d7797dff1c241c8170898a93",
        "is_verified": false,
        "line_number": 5,
        "is_secret": false
      }
    ],
    "docs/DEBIAN_MARIADB.md": [
      {
        "type": "Basic Auth Credentials",
        "filename": "docs/DEBIAN_MARIADB.md",
        "hashed_secret": "b08d68eae61e95d5d7797dff1c241c8170898a93",
        "is_verified": false,
        "line_number": 52,
        "is_secret": false
      }
    ],
    "fakturek/main.py": [
      {
        "type": "Base64 High Entropy String",
        "filename": "fakturek/main.py",
        "hashed_secret": "bf541656e1e89b5ff3732a3730c3b9eb14583e35",
        "is_verified": false,
        "line_number": 1154,
        "is_secret": false
      },
      {
        "type": "Secret Keyword",
        "filename": "fakturek/main.py",
        "hashed_secret": "04f3166ca35c49c03e0e13bef35feca7f2da32bc",
        "is_verified": false,
        "line_number": 3412,
        "is_secret": false
      }
    ],
    "fakturek/settings.py": [
      {
        "type": "Basic Auth Credentials",
        "filename": "fakturek/settings.py",
        "hashed_secret": "b08d68eae61e95d5d7797dff1c241c8170898a93",
        "is_verified": false,
        "line_number": 185,
        "is_secret": false
      }
    ],
    "tests/test_account_deletion_notification.py": [
      {
        "type": "Secret Keyword",
        "filename": "tests/test_account_deletion_notification.py",
        "hashed_secret": "f2b14f68eb995facb3a1c35287b778d5bd785511",
        "is_verified": false,
        "line_number": 66,
        "is_secret": false
      }
    ],
    "tests/test_api_v1_phase7_payments_bulk.py": [
      {
        "type": "Secret Keyword",
        "filename": "tests/test_api_v1_phase7_payments_bulk.py",
        "hashed_secret": "65d36b1e8ee871274dec296c69f353b975772ded",
        "is_verified": false,
        "line_number": 231,
        "is_secret": false
      }
    ],
    "tests/test_exports.py": [
      {
        "type": "Secret Keyword",
        "filename": "tests/test_exports.py",
        "hashed_secret": "fe1bae27cb7c1fb823f496f286e78f1d2ae87734",
        "is_verified": false,
        "line_number": 648,
        "is_secret": false
      }
    ],
    "tests/test_login_flow.py": [
      {
        "type": "Secret Keyword",
        "filename": "tests/test_login_flow.py",
        "hashed_secret": "f2b14f68eb995facb3a1c35287b778d5bd785511",
        "is_verified": false,
        "line_number": 76,
        "is_secret": false
      }
    ],
    "tests/test_phase39_short_links_and_emailing.py": [
      {
        "type": "Secret Keyword",
        "filename": "tests/test_phase39_short_links_and_emailing.py",
        "hashed_secret": "fe1bae27cb7c1fb823f496f286e78f1d2ae87734",
        "is_verified": false,
        "line_number": 109,
        "is_secret": false
      }
    ],
    "tests/test_phase42_readable_short_links.py": [
      {
        "type": "Secret Keyword",
        "filename": "tests/test_phase42_readable_short_links.py",
        "hashed_secret": "fe1bae27cb7c1fb823f496f286e78f1d2ae87734",
        "is_verified": false,
        "line_number": 92,
        "is_secret": false
      }
    ],
    "tests/test_phase43_subject_admin_and_pdf_qr.py": [
      {
        "type": "Secret Keyword",
        "filename": "tests/test_phase43_subject_admin_and_pdf_qr.py",
        "hashed_secret": "f2b14f68eb995facb3a1c35287b778d5bd785511",
        "is_verified": false,
        "line_number": 144,
        "is_secret": false
      },
      {
        "type": "Secret Keyword",
        "filename": "tests/test_phase43_subject_admin_and_pdf_qr.py",
        "hashed_secret": "fe1bae27cb7c1fb823f496f286e78f1d2ae87734",
        "is_verified": false,
        "line_number": 160,
        "is_secret": false
      },
      {
        "type": "Secret Keyword",
        "filename": "tests/test_phase43_subject_admin_and_pdf_qr.py",
        "hashed_secret": "077bfcd1ffa96d4a4ea83a4d6f7454f9e0ebc1f9",
        "is_verified": false,
        "line_number": 388,
        "is_secret": false
      },
      {
        "type": "Secret Keyword",
        "filename": "tests/test_phase43_subject_admin_and_pdf_qr.py",
        "hashed_secret": "b365785626c316723a9cddf2fc705f24d4ae1095",
        "is_verified": false,
        "line_number": 417,
        "is_secret": false
      }
    ],
    "tests/test_phase45_subject_access_management.py": [
      {
        "type": "Secret Keyword",
        "filename": "tests/test_phase45_subject_access_management.py",
        "hashed_secret": "f2b14f68eb995facb3a1c35287b778d5bd785511",
        "is_verified": false,
        "line_number": 157,
        "is_secret": false
      }
    ],
    "tests/test_phase56_security_hardening.py": [
      {
        "type": "Secret Keyword",
        "filename": "tests/test_phase56_security_hardening.py",
        "hashed_secret": "f2b14f68eb995facb3a1c35287b778d5bd785511",
        "is_verified": false,
        "line_number": 407,
        "is_secret": false
      },
      {
        "type": "Secret Keyword",
        "filename": "tests/test_phase56_security_hardening.py",
        "hashed_secret": "6809ffccad03b80fa1fbc32c17e7e054805ec30b",
        "is_verified": false,
        "line_number": 478,
        "is_secret": false
      },
      {
        "type": "Secret Keyword",
        "filename": "tests/test_phase56_security_hardening.py",
        "hashed_secret": "3acfb2c2b433c0ea7ff107e33df91b18e52f960f",
        "is_verified": false,
        "line_number": 578,
        "is_secret": false
      },
      {
        "type": "Secret Keyword",
        "filename": "tests/test_phase56_security_hardening.py",
        "hashed_secret": "70efd783fafb3bceea5b19c2354b793431690f7e",
        "is_verified": false,
        "line_number": 586,
        "is_secret": false
      },
      {
        "type": "Secret Keyword",
        "filename": "tests/test_phase56_security_hardening.py",
        "hashed_secret": "77daed1d13aca9281aabe96a20b0d3e93736368d",
        "is_verified": false,
        "line_number": 587,
        "is_secret": false
      },
      {
        "type": "Secret Keyword",
        "filename": "tests/test_phase56_security_hardening.py",
        "hashed_secret": "caaad86e4668132977673b8f05a0f60df76af57b",
        "is_verified": false,
        "line_number": 765,
        "is_secret": false
      }
    ],
    "tests/test_phase57_api_token_scope_and_rate_limit.py": [
      {
        "type": "Secret Keyword",
        "filename": "tests/test_phase57_api_token_scope_and_rate_limit.py",
        "hashed_secret": "f2b14f68eb995facb3a1c35287b778d5bd785511",
        "is_verified": false,
        "line_number": 111,
        "is_secret": false
      }
    ],
    "tests/test_public_link_helpers.py": [
      {
        "type": "Secret Keyword",
        "filename": "tests/test_public_link_helpers.py",
        "hashed_secret": "fe1bae27cb7c1fb823f496f286e78f1d2ae87734",
        "is_verified": false,
        "line_number": 18,
        "is_secret": false
      }
    ],
    "tests/test_settings_password.py": [
      {
        "type": "Secret Keyword",
        "filename": "tests/test_settings_password.py",
        "hashed_secret": "f2b14f68eb995facb3a1c35287b778d5bd785511",
        "is_verified": false,
        "line_number": 135,
        "is_secret": false
      },
      {
        "type": "Secret Keyword",
        "filename": "tests/test_settings_password.py",
        "hashed_secret": "550bfe33b4444cd921a2c039d06ae2abbf844756",
        "is_verified": false,
        "line_number": 154,
        "is_secret": false
      },
      {
        "type": "Secret Keyword",
        "filename": "tests/test_settings_password.py",
        "hashed_secret": "ade8c10734f8dd8c9c9cb5a5a05edcae56906360",
        "is_verified": false,
        "line_number": 196,
        "is_secret": false
      },
      {
        "type": "Secret Keyword",
        "filename": "tests/test_settings_password.py",
        "hashed_secret": "49ef9e33d56f6d02aff6eff138a2b7e68346f8b9",
        "is_verified": false,
        "line_number": 262,
        "is_secret": false
      },
      {
        "type": "Secret Keyword",
        "filename": "tests/test_settings_password.py",
        "hashed_secret": "fd37a7deb3beaeb45470df400b0572e7b68380a1",
        "is_verified": false,
        "line_number": 297,
        "is_secret": false
      }
    ]
  },
  "generated_at": "2026-08-06T20:15:02Z"
}
